ASxxxx Linker V03.00 + NoICE + sdld,  page 1.
Hexadecimal  [32-Bits]

Area                                    Addr        Size        Decimal Bytes (Attributes)
--------------------------------        ----        ----        ------- ----- ------------
.  .ABS.                            00000000    00000000 =           0. bytes (ABS,CON)

      Value  Global                              Global Defined In Module
      -----  --------------------------------   ------------------------
     00000000  .__.ABS.                           cpct_keyboard
     00000000  l__DATA                         
     0000031C  l__CODE                         
     00004000  s__CODE                         
     0000431C  s__DATA                         

ASxxxx Linker V03.00 + NoICE + sdld,  page 2.
Hexadecimal  [32-Bits]

Area                                    Addr        Size        Decimal Bytes (Attributes)
--------------------------------        ----        ----        ------- ----- ------------
_CODE                               00004000    0000031C =         796. bytes (REL,CON)

      Value  Global                              Global Defined In Module
      -----  --------------------------------   ------------------------
     00004000  _main                              
     00004034  enemy_checkCollision               
     00004064  enemy_erase                        
     0000406A  enemy_update                       
     0000406E  enemy_draw                         
     00004074  enemy_getX                         
     000040D4  _cpct_keyboardStatusBuffer         cpct_keyboard
     000040F2  draw_floor                         cpct_keyboard
     000040F6  player_erase                       cpct_keyboard
     000040FC  player_update                      cpct_keyboard
     00004103  player_draw                        cpct_keyboard
     00004109  player_getPtrHL                    cpct_keyboard
     0000410D  player_collition                   cpct_keyboard
     000041FE  _cpct_isKeyPressed                 cpct_keyboard
     000041FE  cpct_isKeyPressed_asm              cpct_keyboard
     0000420A  _cpct_waitVSYNC                    cpct_video
     0000420A  cpct_waitVSYNC_asm                 cpct_video
     00004212  _cpct_disableFirmware              cpct_firmware
     00004212  _cpct_removeInterruptHandler       cpct_firmware
     00004212  cpct_disableFirmware_asm           cpct_firmware
     00004212  cpct_removeInterruptHandler_asm    cpct_firmware
     00004222  cpct_drawSolidBox_asm              cpct_sprites
     000042CE  _cpct_mode_rom_status              cpct_firmware
     000042CF  cpct_getScreenPtr_asm              cpct_video
     000042EB  _cpct_scanKeyboard                 cpct_keyboard
     000042EB  cpct_scanKeyboard_asm              cpct_keyboard

ASxxxx Linker V03.00 + NoICE + sdld,  page 3.

Files Linked                              [ module(s) ]

obj/player.h.rel                          [  ]
obj/cpctelera.h.rel                       [  ]
obj/main.rel                              [  ]
obj/enemy.h.rel                           [  ]
obj/enemy.rel                             [  ]
obj/player.rel                            [ cpct_keyboard ]


Libraries Linked                          [ object file ]

/home/manjaro18/cpctelera-master/cpctelera/cpctelera.lib
                                          [ cpct_isKeyPressed.rel ]
/home/manjaro18/cpctelera-master/cpctelera/cpctelera.lib
                                          [ cpct_waitVSYNC.rel ]
/home/manjaro18/cpctelera-master/cpctelera/cpctelera.lib
                                          [ cpct_removeInterruptHandler.rel ]
/home/manjaro18/cpctelera-master/cpctelera/cpctelera.lib
                                          [ cpct_drawSolidBox_asmbindings.re ]
/home/manjaro18/cpctelera-master/cpctelera/cpctelera.lib
                                          [ cpc_mode_rom_status.rel ]
/home/manjaro18/cpctelera-master/cpctelera/cpctelera.lib
                                          [ cpct_getScreenPtr_asmbindings.re ]
/home/manjaro18/cpctelera-master/cpctelera/cpctelera.lib
                                          [ cpct_scanKeyboard.rel ]

ASxxxx Linker V03.00 + NoICE + sdld,  page 4.

User Base Address Definitions

_CODE = 0x4000
_DATA = 0x0000

